// Jest Snapshot v1, https://goo.gl/fbAQLP

exports[`match history renders 1`] = `
<div
  className="MatchHistory"
>
  <div
    className="TitleBox"
  >
    Match History
  </div>
  <div
    className="GameList"
  >
    <div
      className="GameDefeat"
    >
      <div
        className="OutcomeDefeat"
      >
        <p>
          CLASSIC
        </p>
        Defeat
        <div
          className="GameTime"
        >
          27:56
        </div>
      </div>
      <div
        className="ChampionTile"
      >
        <img
          alt="champtile"
          src="http://ddragon.leagueoflegends.com/cdn/9.22.1/img/champion/Qiyana.png"
        />
      </div>
      <div
        className="SummonerSpells"
      >
        <img
          alt="summonerspell"
          src="http://ddragon.leagueoflegends.com/cdn/9.22.1/img/spell/SummonerDot.png"
        />
        <img
          alt="summonerspell"
          src="http://ddragon.leagueoflegends.com/cdn/9.22.1/img/spell/SummonerFlash.png"
        />
      </div>
      <div
        className="KDA"
      >
        9 / 10 / 1
        <br />
        1.0 KDA
      </div>
      <div
        className="Items"
      >
        <img
          alt=""
          src="http://ddragon.leagueoflegends.com/cdn/9.22.1/img/item/3142.png"
        />
        <img
          alt=""
          src="http://ddragon.leagueoflegends.com/cdn/9.22.1/img/item/2033.png"
        />
        <img
          alt=""
          src="http://ddragon.leagueoflegends.com/cdn/9.22.1/img/item/3147.png"
        />
        <img
          alt=""
          src="http://ddragon.leagueoflegends.com/cdn/9.22.1/img/item/3134.png"
        />
        <img
          alt=""
          src="http://ddragon.leagueoflegends.com/cdn/9.22.1/img/item/3047.png"
        />
        <img
          alt=""
          src="http://ddragon.leagueoflegends.com/cdn/9.22.1/img/item/1037.png"
        />
        <div
          className="Trinket"
        >
          <img
            alt=""
            src="http://ddragon.leagueoflegends.com/cdn/9.22.1/img/item/3340.png"
          />
        </div>
      </div>
      <div
        className="Participants"
      >
        <div
          className="Team1"
        >
          <div
            className="player"
          >
            <img
              alt="champtile"
              src="http://ddragon.leagueoflegends.com/cdn/9.22.1/img/champion/Tryndamere.png"
            />
            <div
              onMouseEnter={[Function]}
            >
              Roldyyy
            </div>
          </div>
          <div
            className="player"
          >
            <img
              alt="champtile"
              src="http://ddragon.leagueoflegends.com/cdn/9.22.1/img/champion/Yuumi.png"
            />
            <div
              onMouseEnter={[Function]}
            >
              404 Not Founddd
            </div>
          </div>
          <div
            className="player"
          >
            <img
              alt="champtile"
              src="http://ddragon.leagueoflegends.com/cdn/9.22.1/img/champion/Xerath.png"
            />
            <div
              onMouseEnter={[Function]}
            >
              TSM Jeffen
            </div>
          </div>
          <div
            className="player"
          >
            <img
              alt="champtile"
              src="http://ddragon.leagueoflegends.com/cdn/9.22.1/img/champion/Lucian.png"
            />
            <div
              onMouseEnter={[Function]}
            >
              XxFoRasTeiRoOxX
            </div>
          </div>
          <div
            className="player"
          >
            <img
              alt="champtile"
              src="http://ddragon.leagueoflegends.com/cdn/9.22.1/img/champion/Shaco.png"
            />
            <div
              onMouseEnter={[Function]}
            >
              WryEc
            </div>
          </div>
        </div>
        <div
          className="Team2"
        >
          <div
            className="player"
          >
            <img
              alt="champtile"
              src="http://ddragon.leagueoflegends.com/cdn/9.22.1/img/champion/MasterYi.png"
            />
            <div
              onMouseEnter={[Function]}
            >
              S1inker
            </div>
          </div>
          <div
            className="player"
          >
            <img
              alt="champtile"
              src="http://ddragon.leagueoflegends.com/cdn/9.22.1/img/champion/Blitzcrank.png"
            />
            <div
              onMouseEnter={[Function]}
            >
              Taihou
            </div>
          </div>
          <div
            className="player"
          >
            <img
              alt="champtile"
              src="http://ddragon.leagueoflegends.com/cdn/9.22.1/img/champion/Qiyana.png"
            />
            <div
              onMouseEnter={[Function]}
            >
              MyAir
            </div>
          </div>
          <div
            className="player"
          >
            <img
              alt="champtile"
              src="http://ddragon.leagueoflegends.com/cdn/9.22.1/img/champion/Caitlyn.png"
            />
            <div
              onMouseEnter={[Function]}
            >
              netnavi
            </div>
          </div>
          <div
            className="player"
          >
            <img
              alt="champtile"
              src="http://ddragon.leagueoflegends.com/cdn/9.22.1/img/champion/Kayle.png"
            />
            <div
              onMouseEnter={[Function]}
            >
              WE we1x1ao
            </div>
          </div>
        </div>
      </div>
    </div>
  </div>
</div>
`;
