// Jest Snapshot v1, https://goo.gl/fbAQLP

exports[`should start with a disabled search button 1`] = `
<form
  className="SearchForm"
  onSubmit={[Function]}
>
  <input
    name="query"
    onChange={[Function]}
    placeholder="Enter a Summoner Name"
    type="text"
    value=""
  />
  <div
    className="ButtonBar"
  >
    <button
      disabled={true}
      type="submit"
    >
      Search a Summoner!
    </button>
  </div>
</form>
`;

exports[`should start with an empty search field 1`] = `
<form
  className="SearchForm"
  onSubmit={[Function]}
>
  <input
    name="query"
    onChange={[Function]}
    placeholder="Enter a Summoner Name"
    type="text"
    value=""
  />
  <div
    className="ButtonBar"
  >
    <button
      disabled={true}
      type="submit"
    >
      Search a Summoner!
    </button>
  </div>
</form>
`;
